
> carpool-frontend@0.0.0 build
> tsc -b && vite build

[36mvite v7.3.1 [32mbuilding client environment for production...[36m[39m
transforming...
node.exe : 
At line:1 char:1
+ & "C:\Program 
Files\nodejs/node.exe" 
"C:\Program 
Files\nodejs/node_mo 
...
+ ~~~~~~~~~~~~~~~~~~~~~
~~~~~~~~~~~~~~~~~~~~~~~
~~~~~~~~~~~~~~~~~~~~~~~
~~
    + CategoryInfo     
         : NotSpecifi  
  ed: (:String) [],    
 RemoteException
    + FullyQualifiedEr 
   rorId : NativeComm  
  andError
 
images/layers.png 
referenced in 
images/layers.png 
didn't resolve at 
build time, it will 
remain unchanged to be 
resolved at runtime

images/layers-2x.png 
referenced in 
images/layers-2x.png 
didn't resolve at 
build time, it will 
remain unchanged to be 
resolved at runtime

images/marker-icon.png 
referenced in 
images/marker-icon.png 
didn't resolve at 
build time, it will 
remain unchanged to be 
resolved at runtime
[32mΓ£ô[39m 1892 modules transformed.
rendering chunks...
computing gzip size...
[2mdist/[22m[32mindex.html                 [39m[1m[2m  0.54 kB[22m[1m[22m[2m Γöé gzip:   0.36 kB[22m
[2mdist/[22m[35massets/index-innS6ezE.css  [39m[1m[2m104.49 kB[22m[1m[22m[2m Γöé gzip:  20.68 kB[22m
[2mdist/[22m[36massets/index-CgXjIH-l.js   [39m[1m[33m746.00 kB[39m[22m[2m Γöé gzip: 207.51 kB[22m
[33m
(!) Some chunks are 
larger than 500 kB 
after minification. 
Consider:
- Using dynamic 
import() to code-split 
the application
- Use build.rollupOptio
ns.output.manualChunks 
to improve chunking: ht
tps://rollupjs.org/conf
iguration-options/#outp
ut-manualchunks
- Adjust chunk size 
limit for this warning 
via build.chunkSizeWarn
ingLimit.[39m
[32mΓ£ô built in 4.78s[39m
